#-----------------------------------------------------------
# Vivado v2018.3 (64-bit)
# SW Build 2405991 on Thu Dec  6 23:38:27 MST 2018
# IP Build 2404404 on Fri Dec  7 01:43:56 MST 2018
# Start of session at: Wed May 21 17:17:11 2025
# Process ID: 19552
# Current directory: D:/NKUST/SoCLab/SoCLab/homework1
# Command line: vivado.exe -gui_launcher_event rodinguilauncherevent27312 D:\NKUST\SoCLab\SoCLab\homework1\homework1.xpr
# Log file: D:/NKUST/SoCLab/SoCLab/homework1/vivado.log
# Journal file: D:/NKUST/SoCLab/SoCLab/homework1\vivado.jou
#-----------------------------------------------------------
start_gui
open_project D:/NKUST/SoCLab/SoCLab/homework1/homework1.xpr
update_compile_order -fileset sources_1
file mkdir D:/NKUST/SoCLab/SoCLab/homework1/homework1.sdk
file copy -force D:/NKUST/SoCLab/SoCLab/homework1/homework1.runs/impl_1/design_1_wrapper.sysdef D:/NKUST/SoCLab/SoCLab/homework1/homework1.sdk/design_1_wrapper.hdf

launch_sdk -workspace D:/NKUST/SoCLab/SoCLab/homework1/homework1.sdk -hwspec D:/NKUST/SoCLab/SoCLab/homework1/homework1.sdk/design_1_wrapper.hdf
open_bd_design {D:/NKUST/SoCLab/SoCLab/homework1/homework1.srcs/sources_1/bd/design_1/design_1.bd}
open_hw
connect_hw_server
disconnect_hw_server localhost:3121
connect_hw_server
open_hw_target
set_property PROGRAM.FILE {D:/NKUST/SoCLab/SoCLab/homework1/homework1.runs/impl_1/design_1_wrapper.bit} [get_hw_devices xc7z020_1]
current_hw_device [get_hw_devices xc7z020_1]
refresh_hw_device -update_hw_probes false [lindex [get_hw_devices xc7z020_1] 0]
open_bd_design {D:/NKUST/SoCLab/SoCLab/homework1/homework1.srcs/sources_1/bd/design_1/design_1.bd}
open_bd_design {D:/NKUST/SoCLab/SoCLab/homework1/homework1.srcs/sources_1/bd/design_1/design_1.bd}
ipx::edit_ip_in_project -upgrade true -name myip_v1_0_project -directory D:/NKUST/SoCLab/SoCLab/homework1/homework1.tmp/myip_v1_0_project d:/NKUST/SoCLab/SoCLab/ip_repo/myip_1.0/component.xml
update_compile_order -fileset sources_1
set_property core_revision 8 [ipx::current_core]
ipx::update_source_project_archive -component [ipx::current_core]
ipx::create_xgui_files [ipx::current_core]
ipx::update_checksums [ipx::current_core]
ipx::save_core [ipx::current_core]
current_project homework1
open_bd_design {D:/NKUST/SoCLab/SoCLab/homework1/homework1.srcs/sources_1/bd/design_1/design_1.bd}
update_ip_catalog -rebuild -scan_changes
report_ip_status -name ip_status
upgrade_ip -vlnv xilinx.com:user:myip:1.0 [get_ips  design_1_myip_0_2] -log ip_upgrade.log
export_ip_user_files -of_objects [get_ips design_1_myip_0_2] -no_script -sync -force -quiet
generate_target all [get_files  D:/NKUST/SoCLab/SoCLab/homework1/homework1.srcs/sources_1/bd/design_1/design_1.bd]
export_ip_user_files -of_objects [get_files D:/NKUST/SoCLab/SoCLab/homework1/homework1.srcs/sources_1/bd/design_1/design_1.bd] -no_script -sync -force -quiet
export_simulation -of_objects [get_files D:/NKUST/SoCLab/SoCLab/homework1/homework1.srcs/sources_1/bd/design_1/design_1.bd] -directory D:/NKUST/SoCLab/SoCLab/homework1/homework1.ip_user_files/sim_scripts -ip_user_files_dir D:/NKUST/SoCLab/SoCLab/homework1/homework1.ip_user_files -ipstatic_source_dir D:/NKUST/SoCLab/SoCLab/homework1/homework1.ip_user_files/ipstatic -lib_map_path [list {modelsim=D:/NKUST/SoCLab/SoCLab/homework1/homework1.cache/compile_simlib/modelsim} {questa=D:/NKUST/SoCLab/SoCLab/homework1/homework1.cache/compile_simlib/questa} {riviera=D:/NKUST/SoCLab/SoCLab/homework1/homework1.cache/compile_simlib/riviera} {activehdl=D:/NKUST/SoCLab/SoCLab/homework1/homework1.cache/compile_simlib/activehdl}] -use_ip_compiled_libs -force -quiet
reset_run synth_1
launch_runs impl_1 -to_step write_bitstream -jobs 8
wait_on_run impl_1
file copy -force D:/NKUST/SoCLab/SoCLab/homework1/homework1.runs/impl_1/design_1_wrapper.sysdef D:/NKUST/SoCLab/SoCLab/homework1/homework1.sdk/design_1_wrapper.hdf

launch_sdk -workspace D:/NKUST/SoCLab/SoCLab/homework1/homework1.sdk -hwspec D:/NKUST/SoCLab/SoCLab/homework1/homework1.sdk/design_1_wrapper.hdf
current_project myip_v1_0_project
current_project homework1
update_ip_catalog -rebuild -scan_changes
report_ip_status -name ip_status
current_project myip_v1_0_project
current_project homework1
upgrade_ip -vlnv xilinx.com:user:myip:1.0 [get_ips  design_1_myip_0_2] -log ip_upgrade.log
export_ip_user_files -of_objects [get_ips design_1_myip_0_2] -no_script -sync -force -quiet
generate_target all [get_files  D:/NKUST/SoCLab/SoCLab/homework1/homework1.srcs/sources_1/bd/design_1/design_1.bd]
export_ip_user_files -of_objects [get_files D:/NKUST/SoCLab/SoCLab/homework1/homework1.srcs/sources_1/bd/design_1/design_1.bd] -no_script -sync -force -quiet
export_simulation -of_objects [get_files D:/NKUST/SoCLab/SoCLab/homework1/homework1.srcs/sources_1/bd/design_1/design_1.bd] -directory D:/NKUST/SoCLab/SoCLab/homework1/homework1.ip_user_files/sim_scripts -ip_user_files_dir D:/NKUST/SoCLab/SoCLab/homework1/homework1.ip_user_files -ipstatic_source_dir D:/NKUST/SoCLab/SoCLab/homework1/homework1.ip_user_files/ipstatic -lib_map_path [list {modelsim=D:/NKUST/SoCLab/SoCLab/homework1/homework1.cache/compile_simlib/modelsim} {questa=D:/NKUST/SoCLab/SoCLab/homework1/homework1.cache/compile_simlib/questa} {riviera=D:/NKUST/SoCLab/SoCLab/homework1/homework1.cache/compile_simlib/riviera} {activehdl=D:/NKUST/SoCLab/SoCLab/homework1/homework1.cache/compile_simlib/activehdl}] -use_ip_compiled_libs -force -quiet
set_property core_revision 9 [ipx::current_core]
ipx::update_source_project_archive -component [ipx::current_core]
ipx::create_xgui_files [ipx::current_core]
ipx::update_checksums [ipx::current_core]
ipx::save_core [ipx::current_core]
current_project myip_v1_0_project
ipx::move_temp_component_back -component [ipx::current_core]
close_project -delete
update_ip_catalog -rebuild -repo_path d:/NKUST/SoCLab/SoCLab/ip_repo/myip_1.0
upgrade_ip -vlnv xilinx.com:user:myip:1.0 [get_ips  design_1_myip_0_2] -log ip_upgrade.log
export_ip_user_files -of_objects [get_ips design_1_myip_0_2] -no_script -sync -force -quiet
generate_target all [get_files  D:/NKUST/SoCLab/SoCLab/homework1/homework1.srcs/sources_1/bd/design_1/design_1.bd]
export_ip_user_files -of_objects [get_files D:/NKUST/SoCLab/SoCLab/homework1/homework1.srcs/sources_1/bd/design_1/design_1.bd] -no_script -sync -force -quiet
export_simulation -of_objects [get_files D:/NKUST/SoCLab/SoCLab/homework1/homework1.srcs/sources_1/bd/design_1/design_1.bd] -directory D:/NKUST/SoCLab/SoCLab/homework1/homework1.ip_user_files/sim_scripts -ip_user_files_dir D:/NKUST/SoCLab/SoCLab/homework1/homework1.ip_user_files -ipstatic_source_dir D:/NKUST/SoCLab/SoCLab/homework1/homework1.ip_user_files/ipstatic -lib_map_path [list {modelsim=D:/NKUST/SoCLab/SoCLab/homework1/homework1.cache/compile_simlib/modelsim} {questa=D:/NKUST/SoCLab/SoCLab/homework1/homework1.cache/compile_simlib/questa} {riviera=D:/NKUST/SoCLab/SoCLab/homework1/homework1.cache/compile_simlib/riviera} {activehdl=D:/NKUST/SoCLab/SoCLab/homework1/homework1.cache/compile_simlib/activehdl}] -use_ip_compiled_libs -force -quiet
reset_run synth_1
launch_runs impl_1 -to_step write_bitstream -jobs 16
wait_on_run impl_1
file copy -force D:/NKUST/SoCLab/SoCLab/homework1/homework1.runs/impl_1/design_1_wrapper.sysdef D:/NKUST/SoCLab/SoCLab/homework1/homework1.sdk/design_1_wrapper.hdf

launch_sdk -workspace D:/NKUST/SoCLab/SoCLab/homework1/homework1.sdk -hwspec D:/NKUST/SoCLab/SoCLab/homework1/homework1.sdk/design_1_wrapper.hdf
launch_sdk -workspace D:/NKUST/SoCLab/SoCLab/homework1/homework1.sdk -hwspec D:/NKUST/SoCLab/SoCLab/homework1/homework1.sdk/design_1_wrapper.hdf
ipx::edit_ip_in_project -upgrade true -name myip_v1_0_project -directory D:/NKUST/SoCLab/SoCLab/homework1/homework1.tmp/myip_v1_0_project d:/NKUST/SoCLab/SoCLab/ip_repo/myip_1.0/component.xml
update_compile_order -fileset sources_1
current_project homework1
report_ip_status -name ip_status 
set_property PROBES.FILE {} [get_hw_devices xc7z020_1]
set_property FULL_PROBES.FILE {} [get_hw_devices xc7z020_1]
set_property PROGRAM.FILE {D:/NKUST/SoCLab/SoCLab/homework1/homework1.runs/impl_1/design_1_wrapper.bit} [get_hw_devices xc7z020_1]
program_hw_devices [get_hw_devices xc7z020_1]
refresh_hw_device [lindex [get_hw_devices xc7z020_1] 0]
close_project
