#-----------------------------------------------------------
# Vivado v2018.3 (64-bit)
# SW Build 2405991 on Thu Dec  6 23:38:27 MST 2018
# IP Build 2404404 on Fri Dec  7 01:43:56 MST 2018
# Start of session at: Wed May 21 17:17:11 2025
# Process ID: 19552
# Current directory: D:/NKUST/SoCLab/SoCLab/homework1
# Command line: vivado.exe -gui_launcher_event rodinguilauncherevent27312 D:\NKUST\SoCLab\SoCLab\homework1\homework1.xpr
# Log file: D:/NKUST/SoCLab/SoCLab/homework1/vivado.log
# Journal file: D:/NKUST/SoCLab/SoCLab/homework1\vivado.jou
#-----------------------------------------------------------
start_gui
open_project D:/NKUST/SoCLab/SoCLab/homework1/homework1.xpr
INFO: [Project 1-313] Project file moved from 'D:/NKUST/SoC/SoCLab/homework1' since last save.
Scanning sources...
Finished scanning sources
INFO: [IP_Flow 19-234] Refreshing IP repositories
INFO: [IP_Flow 19-1700] Loaded user IP repository 'd:/NKUST/SoCLab/SoCLab/ip_repo/myip_1.0'.
INFO: [IP_Flow 19-2313] Loaded Vivado IP repository 'D:/Vivado/Vivado/2018.3/data/ip'.
update_compile_order -fileset sources_1
file mkdir D:/NKUST/SoCLab/SoCLab/homework1/homework1.sdk
file copy -force D:/NKUST/SoCLab/SoCLab/homework1exit
INFO: [Common 17-206] Exiting Vivado at Wed May 21 17:39:42 2025...
ework1/homework1.sdk/design_1_wrapper.hdf

launch_sdk -workspace D:/NKUST/SoCLab/SoCLab/homework1/homework1.sdk -hwspec D:/NKUST/SoCLab/SoCLab/homework1/homework1.sdk/design_1_wrapper.hdf
INFO: [Vivado 12-393] Launching SDK...
INFO: [Vivado 12-417] Running xsdk -workspace D:/NKUST/SoCLab/SoCLab/homework1/homework1.sdk -hwspec D:/NKUST/SoCLab/SoCLab/homework1/homework1.sdk/design_1_wrapper.hdf
INFO: [Vivado 12-3157] SDK launch initiated. Please check console for any further messages.
open_bd_design {D:/NKUST/SoCLab/SoCLab/homework1/homework1.srcs/sources_1/bd/design_1/design_1.bd}
Adding cell -- xilinx.com:ip:processing_system7:5.5 - processing_system7_0
Adding cell -- xilinx.com:ip:proc_sys_reset:5.0 - rst_ps7_0_50M
Adding cell -- xilinx.com:ip:axi_interconnect:2.1 - ps7_0_axi_periph
Adding cell -- xilinx.com:ip:axi_protocol_converter:2.1 - auto_pc
Adding cell -- xilinx.com:user:myip:1.0 - myip_0
Successfully read diagram <design_1> from BD file <D:/NKUST/SoCLab/SoCLab/homework1/homework1.srcs/sources_1/bd/design_1/design_1.bd>
open_bd_design: Time (s): cpu = 00:00:05 ; elapsed = 00:00:06 . Memory (MB): peak = 886.555 ; gain = 81.949
open_hw
connect_hw_server
INFO: [Labtools 27-2285] Connecting to hw_server url TCP:localhost:3121
disconnect_hw_server localhost:3121
connect_hw_server
INFO: [Labtools 27-2285] Connecting to hw_server url TCP:localhost:3121
open_hw_target
INFO: [Labtoolstcl 44-466] Opening hw_target localhost:3121/xilinx_tcf/Xilinx/1234-tulA
open_hw_target: Time (s): cpu = 00:00:02 ; elapsed = 00:00:08 . Memory (MB): peak = 1825.766 ; gain = 919.066
set_property PROGRAM.FILE {D:/NKUST/SoCLab/SoCLab/homework1/homework1.runs/impl_1/design_1_wrapper.bit} [get_hw_devices xc7z020_1]
current_hw_device [get_hw_devices xc7z020_1]
refresh_hw_device -update_hw_probes false [lindex [get_hw_devices xc7z020_1] 0]
INFO: [Labtools 27-1434] Device xc7z020 (JTAG device index = 1) is programmed with a design that has no supported debug core(s) in it.
ERROR: [Labtoolstcl 44-513] HW Target shutdown. Closing target: localhost:3121/xilinx_tcf/Xilinx/1234-tulA
INFO: [Labtoolstcl 44-466] Opening hw_target localhost:3121/xilinx_tcf/Xilinx/1234-tulA
WARNING: [Labtoolstcl 44-129] No matching hw_ila_data was found.
INFO: [Labtools 27-1435] Device xc7z020 (JTAG device index = 1) is not programmed (DONE status = 0).
WARNING: [Labtoolstcl 44-129] No matching hw_ila_data was found.
ERROR: [Labtoolstcl 44-513] HW Target shutdown. Closing target: localhost:3121/xilinx_tcf/Xilinx/1234-tulA
INFO: [Labtoolstcl 44-466] Opening hw_target localhost:3121/xilinx_tcf/Xilinx/1234-tulA
WARNING: [Labtoolstcl 44-129] No matching hw_ila_data was found.
INFO: [Labtools 27-1435] Device xc7z020 (JTAG device index = 1) is not programmed (DONE status = 0).
WARNING: [Labtoolstcl 44-129] No matching hw_ila_data was found.
open_bd_design {D:/NKUST/SoCLab/SoCLab/homework1/homework1.srcs/sources_1/bd/design_1/design_1.bd}
open_bd_design {D:/NKUST/SoCLab/SoCLab/homework1/homework1.srcs/sources_1/bd/design_1/design_1.bd}
ipx::edit_ip_in_project -upgrade true -name myip_v1_0_project -directory D:/NKUST/SoCLab/SoCLab/homework1/homework1.tmp/myip_v1_0_project d:/NKUST/SoCLab/SoCLab/ip_repo/myip_1.0/component.xml
INFO: [IP_Flow 19-234] Refreshing IP repositories
INFO: [IP_Flow 19-1704] No user IP repositories specified
INFO: [IP_Flow 19-2313] Loaded Vivado IP repository 'D:/Vivado/Vivado/2018.3/data/ip'.
INFO: [IP_Flow 19-234] Refreshing IP repositories
INFO: [IP_Flow 19-1700] Loaded user IP repository 'd:/NKUST/SoCLab/SoCLab/ip_repo/myip_1.0'.
INFO: [IP_Flow 19-795] Syncing license key meta-data
WARNING: [filemgmt 56-99] Vivado Synthesis ignores library specification for Verilog or SystemVerilog files. [d:/NKUST/SoCLab/SoCLab/ip_repo/myip_1.0/src/hw.v:]
WARNING: [filemgmt 56-99] Vivado Synthesis ignores library specification for Verilog or SystemVerilog files. [d:/NKUST/SoCLab/SoCLab/ip_repo/myip_1.0/hdl/myip_v1_0_S00_AXI.v:]
WARNING: [filemgmt 56-99] Vivado Synthesis ignores library specification for Verilog or SystemVerilog files. [d:/NKUST/SoCLab/SoCLab/ip_repo/myip_1.0/hdl/myip_v1_0.v:]
update_compile_order -fileset sources_1
ERROR: [Labtoolstcl 44-513] HW Target shutdown. Closing target: localhost:3121/xilinx_tcf/Xilinx/1234-tulA
INFO: [Labtoolstcl 44-466] Opening hw_target localhost:3121/xilinx_tcf/Xilinx/1234-tulA
WARNING: [Labtoolstcl 44-129] No matching hw_ila_data was found.
INFO: [Labtools 27-1434] Device xc7z020 (JTAG device index = 1) is programmed with a design that has no supported debug core(s) in it.
WARNING: [Labtoolstcl 44-129] No matching hw_ila_data was found.
ERROR: [Labtoolstcl 44-513] HW Target shutdown. Closing target: localhost:3121/xilinx_tcf/Xilinx/1234-tulA
set_property core_revision 8 [ipx::current_core]
ipx::update_source_project_archive -component [ipx::current_core]
ipx::create_xgui_files [ipx::current_core]
ipx::update_checksums [ipx::current_core]
ipx::save_core [ipx::current_core]
current_project homework1
open_bd_design {D:/NKUST/SoCLab/SoCLab/homework1/homework1.srcs/sources_1/bd/design_1/design_1.bd}
update_ip_catalog -rebuild -scan_changes
INFO: [IP_Flow 19-234] Refreshing IP repositories
INFO: [IP_Flow 19-1700] Loaded user IP repository 'd:/NKUST/SoCLab/SoCLab/ip_repo/myip_1.0'.
report_ip_status -name ip_status
upgrade_ip -vlnv xilinx.com:user:myip:1.0 [get_ips  design_1_myip_0_2] -log ip_upgrade.log
Upgrading 'D:/NKUST/SoCLab/SoCLab/homework1/homework1.srcs/sources_1/bd/design_1/design_1.bd'
INFO: [IP_Flow 19-3422] Upgraded design_1_myip_0_2 (myip_v1.0 1.0) from revision 7 to revision 8
Wrote  : <D:\NKUST\SoCLab\SoCLab\homework1\homework1.srcs\sources_1\bd\design_1\design_1.bd> 
Wrote  : <D:/NKUST/SoCLab/SoCLab/homework1/homework1.srcs/sources_1/bd/design_1/ui/bd_1f5defd0.ui> 
INFO: [Coretcl 2-1525] Wrote upgrade log to 'D:/NKUST/SoCLab/SoCLab/homework1/ip_upgrade.log'.
export_ip_user_files -of_objects [get_ips design_1_myip_0_2] -no_script -sync -force -quiet
generate_target all [get_files  D:/NKUST/SoCLab/SoCLab/homework1/homework1.srcs/sources_1/bd/design_1/design_1.bd]
Wrote  : <D:\NKUST\SoCLab\SoCLab\homework1\homework1.srcs\sources_1\bd\design_1\design_1.bd> 
VHDL Output written to : D:/NKUST/SoCLab/SoCLab/homework1/homework1.srcs/sources_1/bd/design_1/synth/design_1.v
VHDL Output written to : D:/NKUST/SoCLab/SoCLab/homework1/homework1.srcs/sources_1/bd/design_1/sim/design_1.v
VHDL Output written to : D:/NKUST/SoCLab/SoCLab/homework1/homework1.srcs/sources_1/bd/design_1/hdl/design_1_wrapper.v
INFO: [BD 41-1029] Generation completed for the IP Integrator block processing_system7_0 .
INFO: [BD 41-1029] Generation completed for the IP Integrator block rst_ps7_0_50M .
INFO: [BD 41-1029] Generation completed for the IP Integrator block myip_0 .
WARNING: [IP_Flow 19-4994] Overwriting existing constraint file 'd:/NKUST/SoCLab/SoCLab/homework1/homework1.srcs/sources_1/bd/design_1/ip/design_1_auto_pc_0/design_1_auto_pc_0_ooc.xdc'
INFO: [BD 41-1029] Generation completed for the IP Integrator block ps7_0_axi_periph/s00_couplers/auto_pc .
Exporting to file D:/NKUST/SoCLab/SoCLab/homework1/homework1.srcs/sources_1/bd/design_1/hw_handoff/design_1.hwh
Generated Block Design Tcl file D:/NKUST/SoCLab/SoCLab/homework1/homework1.srcs/sources_1/bd/design_1/hw_handoff/design_1_bd.tcl
Generated Hardware Definition File D:/NKUST/SoCLab/SoCLab/homework1/homework1.srcs/sources_1/bd/design_1/synth/design_1.hwdef
export_ip_user_files -of_objects [get_files D:/NKUST/SoCLab/SoCLab/homework1/homework1.srcs/sources_1/bd/design_1/design_1.bd] -no_script -sync -force -quiet
export_simulation -of_objects [get_files D:/NKUST/SoCLab/SoCLab/homework1/homework1.srcs/sources_1/bd/design_1/design_1.bd] -directory D:/NKUST/SoCLab/SoCLab/homework1/homework1.ip_user_files/sim_scripts -ip_user_files_dir D:/NKUST/SoCLab/SoCLab/homework1/homework1.ip_user_files -ipstatic_source_dir D:/NKUST/SoCLab/SoCLab/homework1/homework1.ip_user_files/ipstatic -lib_map_path [list {modelsim=D:/NKUST/SoCLab/SoCLab/homework1/homework1.cache/compile_simlib/modelsim} {questa=D:/NKUST/SoCLab/SoCLab/homework1/homework1.cache/compile_simlib/questa} {riviera=D:/NKUST/SoCLab/SoCLab/homework1/homework1.cache/compile_simlib/riviera} {activehdl=D:/NKUST/SoCLab/SoCLab/homework1/homework1.cache/compile_simlib/activehdl}] -use_ip_compiled_libs -force -quiet
reset_run synth_1
WARNING: [Vivado 12-1017] Problems encountered:
1. Failed to delete one or more files in run directory D:/NKUST/SoCLab/SoCLab/homework1/homework1.runs/synth_1

launch_runs impl_1 -to_step write_bitstream -jobs 8
[Wed May 21 17:48:19 2025] Launched synth_1...
Run output will be captured here: D:/NKUST/SoCLab/SoCLab/homework1/homework1.runs/synth_1/runme.log
[Wed May 21 17:48:19 2025] Launched impl_1...
Run output will be captured here: D:/NKUST/SoCLab/SoCLab/homework1/homework1.runs/impl_1/runme.log
file copy -force D:/NKUST/SoCLab/SoCLab/homework1/homework1.runs/impl_1/design_1_wrapper.sysdef D:/NKUST/SoCLab/SoCLab/homework1/homework1.sdk/design_1_wrapper.hdf

INFO: [Labtoolstcl 44-466] Opening hw_target localhost:3121/xilinx_tcf/Xilinx/1234-tulA
WARNING: [Labtoolstcl 44-129] No matching hw_ila_data was found.
INFO: [Labtools 27-1434] Device xc7z020 (JTAG device index = 1) is programmed with a design that has no supported debug core(s) in it.
WARNING: [Labtoolstcl 44-129] No matching hw_ila_data was found.
launch_sdk -workspace D:/NKUST/SoCLab/SoCLab/homework1/homework1.sdk -hwspec D:/NKUST/SoCLab/SoCLab/homework1/homework1.sdk/design_1_wrapper.hdf
INFO: [Vivado 12-393] Launching SDK...
INFO: [Vivado 12-417] Running xsdk -workspace D:/NKUST/SoCLab/SoCLab/homework1/homework1.sdk -hwspec D:/NKUST/SoCLab/SoCLab/homework1/homework1.sdk/design_1_wrapper.hdf
INFO: [Vivado 12-3157] SDK launch initiated. Please check console for any further messages.
WARNING: [Labtoolstcl 44-129] No matching hw_ila_data was found.
ERROR: [Labtoolstcl 44-513] HW Target shutdown. Closing target: localhost:3121/xilinx_tcf/Xilinx/1234-tulA
INFO: [Labtoolstcl 44-466] Opening hw_target localhost:3121/xilinx_tcf/Xilinx/1234-tulA
WARNING: [Labtoolstcl 44-129] No matching hw_ila_data was found.
INFO: [Labtools 27-1435] Device xc7z020 (JTAG device index = 1) is not programmed (DONE status = 0).
WARNING: [Labtoolstcl 44-129] No matching hw_ila_data was found.
ERROR: [Labtoolstcl 44-513] HW Target shutdown. Closing target: localhost:3121/xilinx_tcf/Xilinx/1234-tulA
INFO: [Labtoolstcl 44-466] Opening hw_target localhost:3121/xilinx_tcf/Xilinx/1234-tulA
WARNING: [Labtoolstcl 44-129] No matching hw_ila_data was found.
INFO: [Labtools 27-1435] Device xc7z020 (JTAG device index = 1) is not programmed (DONE status = 0).
WARNING: [Labtoolstcl 44-129] No matching hw_ila_data was found.
ERROR: [Labtoolstcl 44-513] HW Target shutdown. Closing target: localhost:3121/xilinx_tcf/Xilinx/1234-tulA
current_project myip_v1_0_project
current_project homework1
update_ip_catalog -rebuild -scan_changes
INFO: [IP_Flow 19-234] Refreshing IP repositories
INFO: [IP_Flow 19-1700] Loaded user IP repository 'd:/NKUST/SoCLab/SoCLab/ip_repo/myip_1.0'.
report_ip_status -name ip_status
current_project myip_v1_0_project
current_project homework1
upgrade_ip -vlnv xilinx.com:user:myip:1.0 [get_ips  design_1_myip_0_2] -log ip_upgrade.log
Upgrading 'D:/NKUST/SoCLab/SoCLab/homework1/homework1.srcs/sources_1/bd/design_1/design_1.bd'
INFO: [IP_Flow 19-1972] Upgraded design_1_myip_0_2 from myip_v1.0 1.0 to myip_v1.0 1.0
Wrote  : <D:\NKUST\SoCLab\SoCLab\homework1\homework1.srcs\sources_1\bd\design_1\design_1.bd> 
INFO: [Coretcl 2-1525] Wrote upgrade log to 'D:/NKUST/SoCLab/SoCLab/homework1/ip_upgrade.log'.
export_ip_user_files -of_objects [get_ips design_1_myip_0_2] -no_script -sync -force -quiet
generate_target all [get_files  D:/NKUST/SoCLab/SoCLab/homework1/homework1.srcs/sources_1/bd/design_1/design_1.bd]
Wrote  : <D:\NKUST\SoCLab\SoCLab\homework1\homework1.srcs\sources_1\bd\design_1\design_1.bd> 
VHDL Output written to : D:/NKUST/SoCLab/SoCLab/homework1/homework1.srcs/sources_1/bd/design_1/synth/design_1.v
VHDL Output written to : D:/NKUST/SoCLab/SoCLab/homework1/homework1.srcs/sources_1/bd/design_1/sim/design_1.v
VHDL Output written to : D:/NKUST/SoCLab/SoCLab/homework1/homework1.srcs/sources_1/bd/design_1/hdl/design_1_wrapper.v
INFO: [BD 41-1029] Generation completed for the IP Integrator block processing_system7_0 .
INFO: [BD 41-1029] Generation completed for the IP Integrator block rst_ps7_0_50M .
INFO: [BD 41-1029] Generation completed for the IP Integrator block myip_0 .
WARNING: [IP_Flow 19-4994] Overwriting existing constraint file 'd:/NKUST/SoCLab/SoCLab/homework1/homework1.srcs/sources_1/bd/design_1/ip/design_1_auto_pc_0/design_1_auto_pc_0_ooc.xdc'
INFO: [BD 41-1029] Generation completed for the IP Integrator block ps7_0_axi_periph/s00_couplers/auto_pc .
Exporting to file D:/NKUST/SoCLab/SoCLab/homework1/homework1.srcs/sources_1/bd/design_1/hw_handoff/design_1.hwh
Generated Block Design Tcl file D:/NKUST/SoCLab/SoCLab/homework1/homework1.srcs/sources_1/bd/design_1/hw_handoff/design_1_bd.tcl
Generated Hardware Definition File D:/NKUST/SoCLab/SoCLab/homework1/homework1.srcs/sources_1/bd/design_1/synth/design_1.hwdef
export_ip_user_files -of_objects [get_files D:/NKUST/SoCLab/SoCLab/homework1/homework1.srcs/sources_1/bd/design_1/design_1.bd] -no_script -sync -force -quiet
export_simulation -of_objects [get_files D:/NKUST/SoCLab/SoCLab/homework1/homework1.srcs/sources_1/bd/design_1/design_1.bd] -directory D:/NKUST/SoCLab/SoCLab/homework1/homework1.ip_user_files/sim_scripts -ip_user_files_dir D:/NKUST/SoCLab/SoCLab/homework1/homework1.ip_user_files -ipstatic_source_dir D:/NKUST/SoCLab/SoCLab/homework1/homework1.ip_user_files/ipstatic -lib_map_path [list {modelsim=D:/NKUST/SoCLab/SoCLab/homework1/homework1.cache/compile_simlib/modelsim} {questa=D:/NKUST/SoCLab/SoCLab/homework1/homework1.cache/compile_simlib/questa} {riviera=D:/NKUST/SoCLab/SoCLab/homework1/homework1.cache/compile_simlib/riviera} {activehdl=D:/NKUST/SoCLab/SoCLab/homework1/homework1.cache/compile_simlib/activehdl}] -use_ip_compiled_libs -force -quiet
set_property core_revision 9 [ipx::current_core]
ipx::update_source_project_archive -component [ipx::current_core]
ipx::create_xgui_files [ipx::current_core]
ipx::update_checksums [ipx::current_core]
ipx::save_core [ipx::current_core]
current_project myip_v1_0_project
ipx::move_temp_component_back -component [ipx::current_core]
close_project -delete
****** Webtalk v2018.3 (64-bit)
  **** SW Build 2405991 on Thu Dec  6 23:38:27 MST 2018
  **** IP Build 2404404 on Fri Dec  7 01:43:56 MST 2018
    ** Copyright 1986-2018 Xilinx, Inc. All Rights Reserved.

source d:/nkust/soclab/soclab/homework1/homework1.tmp/myip_v1_0_project/myip_v1_0_project.hw/webtalk/labtool_webtalk.tcl -notrace
INFO: [Common 17-206] Exiting Webtalk at Wed May 21 18:09:36 2025...
update_ip_catalog -rebuild -repo_path d:/NKUST/SoCLab/SoCLab/ip_repo/myip_1.0
INFO: [IP_Flow 19-725] Reloaded user IP repository 'd:/NKUST/SoCLab/SoCLab/ip_repo/myip_1.0'
upgrade_ip -vlnv xilinx.com:user:myip:1.0 [get_ips  design_1_myip_0_2] -log ip_upgrade.log
Upgrading 'D:/NKUST/SoCLab/SoCLab/homework1/homework1.srcs/sources_1/bd/design_1/design_1.bd'
INFO: [IP_Flow 19-3422] Upgraded design_1_myip_0_2 (myip_v1.0 1.0) from revision 8 to revision 9
Wrote  : <D:\NKUST\SoCLab\SoCLab\homework1\homework1.srcs\sources_1\bd\design_1\design_1.bd> 
INFO: [Coretcl 2-1525] Wrote upgrade log to 'D:/NKUST/SoCLab/SoCLab/homework1/ip_upgrade.log'.
export_ip_user_files -of_objects [get_ips design_1_myip_0_2] -no_script -sync -force -quiet
generate_target all [get_files  D:/NKUST/SoCLab/SoCLab/homework1/homework1.srcs/sources_1/bd/design_1/design_1.bd]
Wrote  : <D:\NKUST\SoCLab\SoCLab\homework1\homework1.srcs\sources_1\bd\design_1\design_1.bd> 
VHDL Output written to : D:/NKUST/SoCLab/SoCLab/homework1/homework1.srcs/sources_1/bd/design_1/synth/design_1.v
VHDL Output written to : D:/NKUST/SoCLab/SoCLab/homework1/homework1.srcs/sources_1/bd/design_1/sim/design_1.v
VHDL Output written to : D:/NKUST/SoCLab/SoCLab/homework1/homework1.srcs/sources_1/bd/design_1/hdl/design_1_wrapper.v
INFO: [BD 41-1029] Generation completed for the IP Integrator block processing_system7_0 .
INFO: [BD 41-1029] Generation completed for the IP Integrator block rst_ps7_0_50M .
INFO: [BD 41-1029] Generation completed for the IP Integrator block myip_0 .
WARNING: [IP_Flow 19-4994] Overwriting existing constraint file 'd:/NKUST/SoCLab/SoCLab/homework1/homework1.srcs/sources_1/bd/design_1/ip/design_1_auto_pc_0/design_1_auto_pc_0_ooc.xdc'
INFO: [BD 41-1029] Generation completed for the IP Integrator block ps7_0_axi_periph/s00_couplers/auto_pc .
Exporting to file D:/NKUST/SoCLab/SoCLab/homework1/homework1.srcs/sources_1/bd/design_1/hw_handoff/design_1.hwh
Generated Block Design Tcl file D:/NKUST/SoCLab/SoCLab/homework1/homework1.srcs/sources_1/bd/design_1/hw_handoff/design_1_bd.tcl
Generated Hardware Definition File D:/NKUST/SoCLab/SoCLab/homework1/homework1.srcs/sources_1/bd/design_1/synth/design_1.hwdef
export_ip_user_files -of_objects [get_files D:/NKUST/SoCLab/SoCLab/homework1/homework1.srcs/sources_1/bd/design_1/design_1.bd] -no_script -sync -force -quiet
export_simulation -of_objects [get_files D:/NKUST/SoCLab/SoCLab/homework1/homework1.srcs/sources_1/bd/design_1/design_1.bd] -directory D:/NKUST/SoCLab/SoCLab/homework1/homework1.ip_user_files/sim_scripts -ip_user_files_dir D:/NKUST/SoCLab/SoCLab/homework1/homework1.ip_user_files -ipstatic_source_dir D:/NKUST/SoCLab/SoCLab/homework1/homework1.ip_user_files/ipstatic -lib_map_path [list {modelsim=D:/NKUST/SoCLab/SoCLab/homework1/homework1.cache/compile_simlib/modelsim} {questa=D:/NKUST/SoCLab/SoCLab/homework1/homework1.cache/compile_simlib/questa} {riviera=D:/NKUST/SoCLab/SoCLab/homework1/homework1.cache/compile_simlib/riviera} {activehdl=D:/NKUST/SoCLab/SoCLab/homework1/homework1.cache/compile_simlib/activehdl}] -use_ip_compiled_libs -force -quiet
INFO: [Labtoolstcl 44-466] Opening hw_target localhost:3121/xilinx_tcf/Xilinx/1234-tulA
WARNING: [Labtoolstcl 44-129] No matching hw_ila_data was found.
INFO: [Labtools 27-1435] Device xc7z020 (JTAG device index = 1) is not programmed (DONE status = 0).
WARNING: [Labtoolstcl 44-129] No matching hw_ila_data was found.
reset_run synth_1
WARNING: [Vivado 12-1017] Problems encountered:
1. Failed to delete one or more files in run directory D:/NKUST/SoCLab/SoCLab/homework1/homework1.runs/synth_1

launch_runs impl_1 -to_step write_bitstream -jobs 16
[Wed May 21 18:10:54 2025] Launched synth_1...
Run output will be captured here: D:/NKUST/SoCLab/SoCLab/homework1/homework1.runs/synth_1/runme.log
[Wed May 21 18:10:54 2025] Launched impl_1...
Run output will be captured here: D:/NKUST/SoCLab/SoCLab/homework1/homework1.runs/impl_1/runme.log
file copy -force D:/NKUST/SoCLab/SoCLab/homework1/homework1.runs/impl_1/design_1_wrapper.sysdef D:/NKUST/SoCLab/SoCLab/homework1/homework1.sdk/design_1_wrapper.hdf

launch_sdk -workspace D:/NKUST/SoCLab/SoCLab/homework1/homework1.sdk -hwspec D:/NKUST/SoCLab/SoCLab/homework1/homework1.sdk/design_1_wrapper.hdf
INFO: [Vivado 12-393] Launching SDK...
INFO: [Vivado 12-417] Running xsdk -workspace D:/NKUST/SoCLab/SoCLab/homework1/homework1.sdk -hwspec D:/NKUST/SoCLab/SoCLab/homework1/homework1.sdk/design_1_wrapper.hdf
INFO: [Vivado 12-3157] SDK launch initiated. Please check console for any further messages.
launch_sdk -workspace D:/NKUST/SoCLab/SoCLab/homework1/homework1.sdk -hwspec D:/NKUST/SoCLab/SoCLab/homework1/homework1.sdk/design_1_wrapper.hdf
INFO: [Vivado 12-393] Launching SDK...
INFO: [Vivado 12-417] Running xsdk -workspace D:/NKUST/SoCLab/SoCLab/homework1/homework1.sdk -hwspec D:/NKUST/SoCLab/SoCLab/homework1/homework1.sdk/design_1_wrapper.hdf
INFO: [Vivado 12-3157] SDK launch initiated. Please check console for any further messages.
ipx::edit_ip_in_project -upgrade true -name myip_v1_0_project -directory D:/NKUST/SoCLab/SoCLab/homework1/homework1.tmp/myip_v1_0_project d:/NKUST/SoCLab/SoCLab/ip_repo/myip_1.0/component.xml
INFO: [IP_Flow 19-234] Refreshing IP repositories
INFO: [IP_Flow 19-1704] No user IP repositories specified
INFO: [IP_Flow 19-2313] Loaded Vivado IP repository 'D:/Vivado/Vivado/2018.3/data/ip'.
INFO: [IP_Flow 19-234] Refreshing IP repositories
INFO: [IP_Flow 19-1700] Loaded user IP repository 'd:/NKUST/SoCLab/SoCLab/ip_repo/myip_1.0'.
INFO: [IP_Flow 19-795] Syncing license key meta-data
WARNING: [filemgmt 56-99] Vivado Synthesis ignores library specification for Verilog or SystemVerilog files. [d:/NKUST/SoCLab/SoCLab/ip_repo/myip_1.0/src/hw.v:]
WARNING: [filemgmt 56-99] Vivado Synthesis ignores library specification for Verilog or SystemVerilog files. [d:/NKUST/SoCLab/SoCLab/ip_repo/myip_1.0/hdl/myip_v1_0_S00_AXI.v:]
WARNING: [filemgmt 56-99] Vivado Synthesis ignores library specification for Verilog or SystemVerilog files. [d:/NKUST/SoCLab/SoCLab/ip_repo/myip_1.0/hdl/myip_v1_0.v:]
update_compile_order -fileset sources_1
current_project homework1
report_ip_status -name ip_status 
set_property PROBES.FILE {} [get_hw_devices xc7z020_1]
set_property FULL_PROBES.FILE {} [get_hw_devices xc7z020_1]
set_property PROGRAM.FILE {D:/NKUST/SoCLab/SoCLab/homework1/homework1.runs/impl_1/design_1_wrapper.bit} [get_hw_devices xc7z020_1]
program_hw_devices [get_hw_devices xc7z020_1]
INFO: [Labtools 27-3164] End of startup status: HIGH
refresh_hw_device [lindex [get_hw_devices xc7z020_1] 0]
INFO: [Labtools 27-1434] Device xc7z020 (JTAG device index = 1) is programmed with a design that has no supported debug core(s) in it.
close_project
exit
INFO: [Common 17-206] Exiting Vivado at Wed May 21 18:25:25 2025...
