17:18:05 INFO  : Registering command handlers for SDK TCF services
17:18:06 INFO  : Launching XSCT server: xsct.bat -interactive D:\NKUST\SoCLab\SoCLab\homework1\homework1.sdk\temp_xsdb_launch_script.tcl
17:18:09 INFO  : XSCT server has started successfully.
17:18:12 INFO  : Successfully done setting XSCT server connection channel  
17:18:12 INFO  : Successfully done setting SDK workspace  
17:18:12 INFO  : Processing command line option -hwspec D:/NKUST/SoCLab/SoCLab/homework1/homework1.sdk/design_1_wrapper.hdf.
17:34:46 INFO  : Connected to target on host '127.0.0.1' and port '3121'.
17:35:53 INFO  : Connected to target on host '127.0.0.1' and port '3121'.
17:35:53 INFO  : 'targets -set -filter {jtag_cable_name =~ "Xilinx TUL 1234-tulA" && level==0} -index 1' command is executed.
17:35:55 INFO  : FPGA configured successfully with bitstream "D:/NKUST/SoCLab/SoCLab/homework1/homework1.sdk/design_1_wrapper_hw_platform_0/design_1_wrapper.bit"
17:36:01 INFO  : 'targets -set -filter {jtag_cable_name =~ "Xilinx TUL 1234-tulA" && level==0} -index 1' command is executed.
17:36:01 INFO  : 'fpga -state' command is executed.
17:36:01 INFO  : Connected to target on host '127.0.0.1' and port '3121'.
17:36:01 INFO  : Jtag cable 'Xilinx TUL 1234-tulA' is selected.
17:36:01 INFO  : 'jtag frequency' command is executed.
17:36:01 INFO  : Sourcing of 'D:/NKUST/SoCLab/SoCLab/homework1/homework1.sdk/design_1_wrapper_hw_platform_0/ps7_init.tcl' is done.
17:36:01 INFO  : Context for 'APU' is selected.
17:36:01 INFO  : Hardware design information is loaded from 'D:/NKUST/SoCLab/SoCLab/homework1/homework1.sdk/design_1_wrapper_hw_platform_0/system.hdf'.
17:36:01 INFO  : 'configparams force-mem-access 1' command is executed.
17:36:01 INFO  : Context for 'APU' is selected.
17:36:01 INFO  : 'stop' command is executed.
17:36:01 INFO  : 'ps7_init' command is executed.
17:36:01 INFO  : 'ps7_post_config' command is executed.
17:36:01 INFO  : Context for processor 'ps7_cortexa9_0' is selected.
17:36:01 INFO  : Processor reset is completed for 'ps7_cortexa9_0'.
17:36:01 INFO  : Context for processor 'ps7_cortexa9_0' is selected.
17:36:01 INFO  : The application 'D:/NKUST/SoCLab/SoCLab/homework1/homework1.sdk/123/Debug/123.elf' is downloaded to processor 'ps7_cortexa9_0'.
17:36:01 INFO  : 'configparams force-mem-access 0' command is executed.
17:36:01 INFO  : ----------------XSDB Script----------------
connect -url tcp:127.0.0.1:3121
source D:/NKUST/SoCLab/SoCLab/homework1/homework1.sdk/design_1_wrapper_hw_platform_0/ps7_init.tcl
targets -set -nocase -filter {name =~"APU*" && jtag_cable_name =~ "Xilinx TUL 1234-tulA"} -index 0
loadhw -hw D:/NKUST/SoCLab/SoCLab/homework1/homework1.sdk/design_1_wrapper_hw_platform_0/system.hdf -mem-ranges [list {0x40000000 0xbfffffff}]
configparams force-mem-access 1
targets -set -nocase -filter {name =~"APU*" && jtag_cable_name =~ "Xilinx TUL 1234-tulA"} -index 0
stop
ps7_init
ps7_post_config
targets -set -nocase -filter {name =~ "ARM*#0" && jtag_cable_name =~ "Xilinx TUL 1234-tulA"} -index 0
rst -processor
targets -set -nocase -filter {name =~ "ARM*#0" && jtag_cable_name =~ "Xilinx TUL 1234-tulA"} -index 0
dow D:/NKUST/SoCLab/SoCLab/homework1/homework1.sdk/123/Debug/123.elf
configparams force-mem-access 0
----------------End of Script----------------

17:36:01 INFO  : Memory regions updated for context APU
17:36:02 INFO  : Context for processor 'ps7_cortexa9_0' is selected.
17:36:02 INFO  : 'con' command is executed.
17:36:02 INFO  : ----------------XSDB Script (After Launch)----------------
targets -set -nocase -filter {name =~ "ARM*#0" && jtag_cable_name =~ "Xilinx TUL 1234-tulA"} -index 0
con
----------------End of Script----------------

17:36:02 INFO  : Launch script is exported to file 'D:\NKUST\SoCLab\SoCLab\homework1\homework1.sdk\.sdk\launch_scripts\xilinx_c-c++_application_(system_debugger)\system_debugger_using_debug_123.elf_on_local.tcl'
17:36:20 INFO  : Disconnected from the channel tcfchan#1.
17:36:21 INFO  : 'targets -set -filter {jtag_cable_name =~ "Xilinx TUL 1234-tulA" && level==0} -index 1' command is executed.
17:36:21 INFO  : 'fpga -state' command is executed.
17:36:21 INFO  : Connected to target on host '127.0.0.1' and port '3121'.
17:36:22 INFO  : Jtag cable 'Xilinx TUL 1234-tulA' is selected.
17:36:22 INFO  : 'jtag frequency' command is executed.
17:36:22 INFO  : Sourcing of 'D:/NKUST/SoCLab/SoCLab/homework1/homework1.sdk/design_1_wrapper_hw_platform_0/ps7_init.tcl' is done.
17:36:22 INFO  : Context for 'APU' is selected.
17:36:23 INFO  : Hardware design information is loaded from 'D:/NKUST/SoCLab/SoCLab/homework1/homework1.sdk/design_1_wrapper_hw_platform_0/system.hdf'.
17:36:23 INFO  : 'configparams force-mem-access 1' command is executed.
17:36:23 INFO  : Context for 'APU' is selected.
17:36:23 INFO  : 'stop' command is executed.
17:36:23 INFO  : 'ps7_init' command is executed.
17:36:23 INFO  : 'ps7_post_config' command is executed.
17:36:23 INFO  : Context for processor 'ps7_cortexa9_0' is selected.
17:36:23 INFO  : Processor reset is completed for 'ps7_cortexa9_0'.
17:36:23 INFO  : Context for processor 'ps7_cortexa9_0' is selected.
17:36:23 INFO  : The application 'D:/NKUST/SoCLab/SoCLab/homework1/homework1.sdk/123/Debug/123.elf' is downloaded to processor 'ps7_cortexa9_0'.
17:36:23 INFO  : 'configparams force-mem-access 0' command is executed.
17:36:23 INFO  : ----------------XSDB Script----------------
connect -url tcp:127.0.0.1:3121
source D:/NKUST/SoCLab/SoCLab/homework1/homework1.sdk/design_1_wrapper_hw_platform_0/ps7_init.tcl
targets -set -nocase -filter {name =~"APU*" && jtag_cable_name =~ "Xilinx TUL 1234-tulA"} -index 0
loadhw -hw D:/NKUST/SoCLab/SoCLab/homework1/homework1.sdk/design_1_wrapper_hw_platform_0/system.hdf -mem-ranges [list {0x40000000 0xbfffffff}]
configparams force-mem-access 1
targets -set -nocase -filter {name =~"APU*" && jtag_cable_name =~ "Xilinx TUL 1234-tulA"} -index 0
stop
ps7_init
ps7_post_config
targets -set -nocase -filter {name =~ "ARM*#0" && jtag_cable_name =~ "Xilinx TUL 1234-tulA"} -index 0
rst -processor
targets -set -nocase -filter {name =~ "ARM*#0" && jtag_cable_name =~ "Xilinx TUL 1234-tulA"} -index 0
dow D:/NKUST/SoCLab/SoCLab/homework1/homework1.sdk/123/Debug/123.elf
configparams force-mem-access 0
----------------End of Script----------------

17:36:23 INFO  : Memory regions updated for context APU
17:36:23 INFO  : Context for processor 'ps7_cortexa9_0' is selected.
17:36:23 INFO  : 'con' command is executed.
17:36:23 INFO  : ----------------XSDB Script (After Launch)----------------
targets -set -nocase -filter {name =~ "ARM*#0" && jtag_cable_name =~ "Xilinx TUL 1234-tulA"} -index 0
con
----------------End of Script----------------

17:36:23 INFO  : Launch script is exported to file 'D:\NKUST\SoCLab\SoCLab\homework1\homework1.sdk\.sdk\launch_scripts\xilinx_c-c++_application_(system_debugger)\system_debugger_using_debug_123.elf_on_local.tcl'
17:37:55 INFO  : Connected to target on host '127.0.0.1' and port '3121'.
17:38:17 INFO  : Connected to target on host '127.0.0.1' and port '3121'.
17:38:45 INFO  : Connected to target on host '127.0.0.1' and port '3121'.
17:38:45 INFO  : 'targets -set -filter {jtag_cable_name =~ "Xilinx TUL 1234-tulA" && level==0} -index 1' command is executed.
17:38:48 INFO  : FPGA configured successfully with bitstream "D:/NKUST/SoCLab/SoCLab/homework1/homework1.sdk/design_1_wrapper_hw_platform_0/design_1_wrapper.bit"
17:51:09 INFO  : SDK has detected change in the last modified timestamps for source hardware specification file Source:1747821015196,  Project:1747218415623
17:51:09 INFO  : Project design_1_wrapper_hw_platform_0's source hardware specification located at D:/NKUST/SoCLab/SoCLab/homework1/homework1.sdk/design_1_wrapper.hdf is now different from the local copy.
		 The local copy will be replaced with the source specification and your workspace will be updated.
17:51:12 INFO  : Project design_1_wrapper_hw_platform_0's source hardware specification location will not be monitored anymore.
17:51:16 INFO  : Disconnected from the channel tcfchan#2.
17:51:34 INFO  : Registering command handlers for SDK TCF services
17:51:34 INFO  : Launching XSCT server: xsct.bat -interactive D:\NKUST\SoCLab\SoCLab\homework1\homework1.sdk\temp_xsdb_launch_script.tcl
17:51:36 INFO  : XSCT server has started successfully.
17:51:36 INFO  : Successfully done setting XSCT server connection channel  
17:51:36 INFO  : Successfully done setting SDK workspace  
17:51:36 INFO  : Processing command line option -hwspec D:/NKUST/SoCLab/SoCLab/homework1/homework1.sdk/design_1_wrapper.hdf.
17:51:46 INFO  : Connected to target on host '127.0.0.1' and port '3121'.
17:51:46 INFO  : 'targets -set -filter {jtag_cable_name =~ "Xilinx TUL 1234-tulA" && level==0} -index 1' command is executed.
17:51:48 INFO  : FPGA configured successfully with bitstream "D:/NKUST/SoCLab/SoCLab/homework1/homework1.sdk/design_1_wrapper_hw_platform_0/design_1_wrapper.bit"
17:51:54 INFO  : 'targets -set -filter {jtag_cable_name =~ "Xilinx TUL 1234-tulA" && level==0} -index 1' command is executed.
17:51:54 INFO  : 'fpga -state' command is executed.
17:51:54 INFO  : Connected to target on host '127.0.0.1' and port '3121'.
17:51:54 INFO  : Jtag cable 'Xilinx TUL 1234-tulA' is selected.
17:51:54 INFO  : 'jtag frequency' command is executed.
17:51:54 INFO  : Sourcing of 'D:/NKUST/SoCLab/SoCLab/homework1/homework1.sdk/design_1_wrapper_hw_platform_0/ps7_init.tcl' is done.
17:51:54 INFO  : Context for 'APU' is selected.
17:51:54 INFO  : Hardware design information is loaded from 'D:/NKUST/SoCLab/SoCLab/homework1/homework1.sdk/design_1_wrapper_hw_platform_0/system.hdf'.
17:51:54 INFO  : 'configparams force-mem-access 1' command is executed.
17:51:54 INFO  : Context for 'APU' is selected.
17:51:54 INFO  : 'stop' command is executed.
17:51:55 INFO  : 'ps7_init' command is executed.
17:51:55 INFO  : 'ps7_post_config' command is executed.
17:51:55 INFO  : Context for processor 'ps7_cortexa9_0' is selected.
17:51:55 INFO  : Processor reset is completed for 'ps7_cortexa9_0'.
17:51:55 INFO  : Context for processor 'ps7_cortexa9_0' is selected.
17:51:55 INFO  : The application 'D:/NKUST/SoCLab/SoCLab/homework1/homework1.sdk/123/Debug/123.elf' is downloaded to processor 'ps7_cortexa9_0'.
17:51:55 INFO  : 'configparams force-mem-access 0' command is executed.
17:51:55 INFO  : ----------------XSDB Script----------------
connect -url tcp:127.0.0.1:3121
source D:/NKUST/SoCLab/SoCLab/homework1/homework1.sdk/design_1_wrapper_hw_platform_0/ps7_init.tcl
targets -set -nocase -filter {name =~"APU*" && jtag_cable_name =~ "Xilinx TUL 1234-tulA"} -index 0
loadhw -hw D:/NKUST/SoCLab/SoCLab/homework1/homework1.sdk/design_1_wrapper_hw_platform_0/system.hdf -mem-ranges [list {0x40000000 0xbfffffff}]
configparams force-mem-access 1
targets -set -nocase -filter {name =~"APU*" && jtag_cable_name =~ "Xilinx TUL 1234-tulA"} -index 0
stop
ps7_init
ps7_post_config
targets -set -nocase -filter {name =~ "ARM*#0" && jtag_cable_name =~ "Xilinx TUL 1234-tulA"} -index 0
rst -processor
targets -set -nocase -filter {name =~ "ARM*#0" && jtag_cable_name =~ "Xilinx TUL 1234-tulA"} -index 0
dow D:/NKUST/SoCLab/SoCLab/homework1/homework1.sdk/123/Debug/123.elf
configparams force-mem-access 0
----------------End of Script----------------

17:51:55 INFO  : Memory regions updated for context APU
17:51:55 INFO  : Context for processor 'ps7_cortexa9_0' is selected.
17:51:55 INFO  : 'con' command is executed.
17:51:55 INFO  : ----------------XSDB Script (After Launch)----------------
targets -set -nocase -filter {name =~ "ARM*#0" && jtag_cable_name =~ "Xilinx TUL 1234-tulA"} -index 0
con
----------------End of Script----------------

17:51:55 INFO  : Launch script is exported to file 'D:\NKUST\SoCLab\SoCLab\homework1\homework1.sdk\.sdk\launch_scripts\xilinx_c-c++_application_(system_debugger)\system_debugger_using_debug_123.elf_on_local.tcl'
17:54:56 INFO  : Disconnected from the channel tcfchan#1.
17:54:57 INFO  : 'targets -set -filter {jtag_cable_name =~ "Xilinx TUL 1234-tulA" && level==0} -index 1' command is executed.
17:54:57 INFO  : 'fpga -state' command is executed.
17:55:03 INFO  : Connected to target on host '127.0.0.1' and port '3121'.
17:55:03 INFO  : Jtag cable 'Xilinx TUL 1234-tulA' is selected.
17:55:03 INFO  : 'jtag frequency' command is executed.
17:55:03 INFO  : Sourcing of 'D:/NKUST/SoCLab/SoCLab/homework1/homework1.sdk/design_1_wrapper_hw_platform_0/ps7_init.tcl' is done.
17:55:03 INFO  : Context for 'APU' is selected.
17:55:04 INFO  : Hardware design information is loaded from 'D:/NKUST/SoCLab/SoCLab/homework1/homework1.sdk/design_1_wrapper_hw_platform_0/system.hdf'.
17:55:04 INFO  : 'configparams force-mem-access 1' command is executed.
17:55:04 INFO  : Context for 'APU' is selected.
17:55:04 INFO  : 'stop' command is executed.
17:55:05 INFO  : 'ps7_init' command is executed.
17:55:05 INFO  : 'ps7_post_config' command is executed.
17:55:05 INFO  : Context for processor 'ps7_cortexa9_0' is selected.
17:55:05 INFO  : Processor reset is completed for 'ps7_cortexa9_0'.
17:55:05 INFO  : Context for processor 'ps7_cortexa9_0' is selected.
17:55:05 INFO  : The application 'D:/NKUST/SoCLab/SoCLab/homework1/homework1.sdk/123/Debug/123.elf' is downloaded to processor 'ps7_cortexa9_0'.
17:55:05 INFO  : 'configparams force-mem-access 0' command is executed.
17:55:05 INFO  : ----------------XSDB Script----------------
connect -url tcp:127.0.0.1:3121
source D:/NKUST/SoCLab/SoCLab/homework1/homework1.sdk/design_1_wrapper_hw_platform_0/ps7_init.tcl
targets -set -nocase -filter {name =~"APU*" && jtag_cable_name =~ "Xilinx TUL 1234-tulA"} -index 0
loadhw -hw D:/NKUST/SoCLab/SoCLab/homework1/homework1.sdk/design_1_wrapper_hw_platform_0/system.hdf -mem-ranges [list {0x40000000 0xbfffffff}]
configparams force-mem-access 1
targets -set -nocase -filter {name =~"APU*" && jtag_cable_name =~ "Xilinx TUL 1234-tulA"} -index 0
stop
ps7_init
ps7_post_config
targets -set -nocase -filter {name =~ "ARM*#0" && jtag_cable_name =~ "Xilinx TUL 1234-tulA"} -index 0
rst -processor
targets -set -nocase -filter {name =~ "ARM*#0" && jtag_cable_name =~ "Xilinx TUL 1234-tulA"} -index 0
dow D:/NKUST/SoCLab/SoCLab/homework1/homework1.sdk/123/Debug/123.elf
configparams force-mem-access 0
----------------End of Script----------------

17:55:05 INFO  : Memory regions updated for context APU
17:55:05 INFO  : Context for processor 'ps7_cortexa9_0' is selected.
17:55:05 INFO  : 'con' command is executed.
17:55:05 INFO  : ----------------XSDB Script (After Launch)----------------
targets -set -nocase -filter {name =~ "ARM*#0" && jtag_cable_name =~ "Xilinx TUL 1234-tulA"} -index 0
con
----------------End of Script----------------

17:55:05 INFO  : Launch script is exported to file 'D:\NKUST\SoCLab\SoCLab\homework1\homework1.sdk\.sdk\launch_scripts\xilinx_c-c++_application_(system_debugger)\system_debugger_using_debug_123.elf_on_local.tcl'
17:55:21 INFO  : Disconnected from the channel tcfchan#2.
17:55:22 INFO  : 'targets -set -filter {jtag_cable_name =~ "Xilinx TUL 1234-tulA" && level==0} -index 1' command is executed.
17:55:22 INFO  : 'fpga -state' command is executed.
17:55:27 INFO  : Connected to target on host '127.0.0.1' and port '3121'.
17:55:27 INFO  : Jtag cable 'Xilinx TUL 1234-tulA' is selected.
17:55:27 INFO  : 'jtag frequency' command is executed.
17:55:27 INFO  : Sourcing of 'D:/NKUST/SoCLab/SoCLab/homework1/homework1.sdk/design_1_wrapper_hw_platform_0/ps7_init.tcl' is done.
17:55:27 INFO  : Context for 'APU' is selected.
17:55:27 INFO  : Hardware design information is loaded from 'D:/NKUST/SoCLab/SoCLab/homework1/homework1.sdk/design_1_wrapper_hw_platform_0/system.hdf'.
17:55:27 INFO  : 'configparams force-mem-access 1' command is executed.
17:55:27 INFO  : Context for 'APU' is selected.
17:55:27 INFO  : 'stop' command is executed.
17:55:28 INFO  : 'ps7_init' command is executed.
17:55:28 INFO  : 'ps7_post_config' command is executed.
17:55:28 INFO  : Context for processor 'ps7_cortexa9_0' is selected.
17:55:28 INFO  : Processor reset is completed for 'ps7_cortexa9_0'.
17:55:28 INFO  : Context for processor 'ps7_cortexa9_0' is selected.
17:55:30 ERROR : Memory write error at 0x100000. APB AP transaction error, DAP status f0000021
17:55:30 INFO  : ----------------XSDB Script----------------
connect -url tcp:127.0.0.1:3121
source D:/NKUST/SoCLab/SoCLab/homework1/homework1.sdk/design_1_wrapper_hw_platform_0/ps7_init.tcl
targets -set -nocase -filter {name =~"APU*" && jtag_cable_name =~ "Xilinx TUL 1234-tulA"} -index 0
loadhw -hw D:/NKUST/SoCLab/SoCLab/homework1/homework1.sdk/design_1_wrapper_hw_platform_0/system.hdf -mem-ranges [list {0x40000000 0xbfffffff}]
configparams force-mem-access 1
targets -set -nocase -filter {name =~"APU*" && jtag_cable_name =~ "Xilinx TUL 1234-tulA"} -index 0
stop
ps7_init
ps7_post_config
targets -set -nocase -filter {name =~ "ARM*#0" && jtag_cable_name =~ "Xilinx TUL 1234-tulA"} -index 0
rst -processor
targets -set -nocase -filter {name =~ "ARM*#0" && jtag_cable_name =~ "Xilinx TUL 1234-tulA"} -index 0
dow D:/NKUST/SoCLab/SoCLab/homework1/homework1.sdk/123/Debug/123.elf
----------------End of Script----------------

17:55:45 INFO  : 'targets -set -filter {jtag_cable_name =~ "Xilinx TUL 1234-tulA" && level==0} -index 1' command is executed.
17:55:45 INFO  : 'fpga -state' command is executed.
17:55:46 INFO  : Connected to target on host '127.0.0.1' and port '3121'.
17:55:46 INFO  : Jtag cable 'Xilinx TUL 1234-tulA' is selected.
17:55:46 INFO  : 'jtag frequency' command is executed.
17:55:46 INFO  : Sourcing of 'D:/NKUST/SoCLab/SoCLab/homework1/homework1.sdk/design_1_wrapper_hw_platform_0/ps7_init.tcl' is done.
17:55:49 ERROR : no targets found with "name =~"APU*" && jtag_cable_name =~ "Xilinx TUL 1234-tulA"". available targets:
  2  DAP (JTAG port open error. AP transaction error, DAP status 30000021)
  1* xc7z020
17:55:49 INFO  : ----------------XSDB Script----------------
connect -url tcp:127.0.0.1:3121
source D:/NKUST/SoCLab/SoCLab/homework1/homework1.sdk/design_1_wrapper_hw_platform_0/ps7_init.tcl
targets -set -nocase -filter {name =~"APU*" && jtag_cable_name =~ "Xilinx TUL 1234-tulA"} -index 0
----------------End of Script----------------

17:56:00 INFO  : Connected to target on host '127.0.0.1' and port '3121'.
17:56:00 INFO  : 'targets -set -filter {jtag_cable_name =~ "Xilinx TUL 1234-tulA" && level==0} -index 1' command is executed.
17:56:02 ERROR : fpga initialization failed
17:56:22 INFO  : Connected to target on host '127.0.0.1' and port '3121'.
17:56:47 INFO  : Connected to target on host '127.0.0.1' and port '3121'.
17:56:50 INFO  : Connected to target on host '127.0.0.1' and port '3121'.
17:56:50 INFO  : 'targets -set -filter {jtag_cable_name =~ "Xilinx TUL 1234-tulA" && level==0} -index 1' command is executed.
17:56:52 INFO  : FPGA configured successfully with bitstream "D:/NKUST/SoCLab/SoCLab/homework1/homework1.sdk/design_1_wrapper_hw_platform_0/design_1_wrapper.bit"
17:57:01 INFO  : 'targets -set -filter {jtag_cable_name =~ "Xilinx TUL 1234-tulA" && level==0} -index 1' command is executed.
17:57:01 INFO  : 'fpga -state' command is executed.
17:57:01 INFO  : Connected to target on host '127.0.0.1' and port '3121'.
17:57:01 INFO  : Jtag cable 'Xilinx TUL 1234-tulA' is selected.
17:57:01 INFO  : 'jtag frequency' command is executed.
17:57:01 INFO  : Sourcing of 'D:/NKUST/SoCLab/SoCLab/homework1/homework1.sdk/design_1_wrapper_hw_platform_0/ps7_init.tcl' is done.
17:57:01 INFO  : Context for 'APU' is selected.
17:57:01 INFO  : Hardware design information is loaded from 'D:/NKUST/SoCLab/SoCLab/homework1/homework1.sdk/design_1_wrapper_hw_platform_0/system.hdf'.
17:57:01 INFO  : 'configparams force-mem-access 1' command is executed.
17:57:01 INFO  : Context for 'APU' is selected.
17:57:01 INFO  : 'stop' command is executed.
17:57:01 INFO  : 'ps7_init' command is executed.
17:57:01 INFO  : 'ps7_post_config' command is executed.
17:57:01 INFO  : Context for processor 'ps7_cortexa9_0' is selected.
17:57:01 INFO  : Processor reset is completed for 'ps7_cortexa9_0'.
17:57:01 INFO  : Context for processor 'ps7_cortexa9_0' is selected.
17:57:02 INFO  : The application 'D:/NKUST/SoCLab/SoCLab/homework1/homework1.sdk/123/Debug/123.elf' is downloaded to processor 'ps7_cortexa9_0'.
17:57:02 INFO  : 'configparams force-mem-access 0' command is executed.
17:57:02 INFO  : ----------------XSDB Script----------------
connect -url tcp:127.0.0.1:3121
source D:/NKUST/SoCLab/SoCLab/homework1/homework1.sdk/design_1_wrapper_hw_platform_0/ps7_init.tcl
targets -set -nocase -filter {name =~"APU*" && jtag_cable_name =~ "Xilinx TUL 1234-tulA"} -index 0
loadhw -hw D:/NKUST/SoCLab/SoCLab/homework1/homework1.sdk/design_1_wrapper_hw_platform_0/system.hdf -mem-ranges [list {0x40000000 0xbfffffff}]
configparams force-mem-access 1
targets -set -nocase -filter {name =~"APU*" && jtag_cable_name =~ "Xilinx TUL 1234-tulA"} -index 0
stop
ps7_init
ps7_post_config
targets -set -nocase -filter {name =~ "ARM*#0" && jtag_cable_name =~ "Xilinx TUL 1234-tulA"} -index 0
rst -processor
targets -set -nocase -filter {name =~ "ARM*#0" && jtag_cable_name =~ "Xilinx TUL 1234-tulA"} -index 0
dow D:/NKUST/SoCLab/SoCLab/homework1/homework1.sdk/123/Debug/123.elf
configparams force-mem-access 0
----------------End of Script----------------

17:57:02 INFO  : Memory regions updated for context APU
17:57:02 INFO  : Context for processor 'ps7_cortexa9_0' is selected.
17:57:02 INFO  : 'con' command is executed.
17:57:02 INFO  : ----------------XSDB Script (After Launch)----------------
targets -set -nocase -filter {name =~ "ARM*#0" && jtag_cable_name =~ "Xilinx TUL 1234-tulA"} -index 0
con
----------------End of Script----------------

17:57:02 INFO  : Launch script is exported to file 'D:\NKUST\SoCLab\SoCLab\homework1\homework1.sdk\.sdk\launch_scripts\xilinx_c-c++_application_(system_debugger)\system_debugger_using_debug_123.elf_on_local.tcl'
18:13:30 INFO  : SDK has detected change in the last modified timestamps for source hardware specification file Source:1747822369208,  Project:1747821015196
18:13:30 INFO  : Project design_1_wrapper_hw_platform_1's source hardware specification located at D:/NKUST/SoCLab/SoCLab/homework1/homework1.sdk/design_1_wrapper.hdf is now different from the local copy.
		 The local copy will be replaced with the source specification and your workspace will be updated.
18:13:57 INFO  : Copied contents of D:/NKUST/SoCLab/SoCLab/homework1/homework1.sdk/design_1_wrapper.hdf into \design_1_wrapper_hw_platform_1\system.hdf.
18:13:59 INFO  : Synchronizing projects in the workspace with the hardware platform specification changes.
18:13:59 INFO  : Clearing existing target manager status.
18:13:59 INFO  : Workspace synchronized with the new hardware specification file. Cleaning dependent projects...
18:13:59 WARN  : Linker script will not be updated automatically. Users need to update it manually.
18:14:03 INFO  : Disconnected from the channel tcfchan#3.
18:14:14 INFO  : Registering command handlers for SDK TCF services
18:14:14 INFO  : Launching XSCT server: xsct.bat -interactive D:\NKUST\SoCLab\SoCLab\homework1\homework1.sdk\temp_xsdb_launch_script.tcl
18:14:16 INFO  : XSCT server has started successfully.
18:14:16 INFO  : Successfully done setting XSCT server connection channel  
18:14:16 INFO  : Successfully done setting SDK workspace  
18:14:16 INFO  : Processing command line option -hwspec D:/NKUST/SoCLab/SoCLab/homework1/homework1.sdk/design_1_wrapper.hdf.
18:14:17 INFO  : Checking for hwspec changes in the project design_1_wrapper_hw_platform_1.
18:14:22 INFO  : Connected to target on host '127.0.0.1' and port '3121'.
18:14:23 INFO  : 'targets -set -filter {jtag_cable_name =~ "Xilinx TUL 1234-tulA" && level==0} -index 1' command is executed.
18:14:25 INFO  : FPGA configured successfully with bitstream "D:/NKUST/SoCLab/SoCLab/homework1/homework1.sdk/design_1_wrapper_hw_platform_0/design_1_wrapper.bit"
18:14:34 INFO  : 'targets -set -filter {jtag_cable_name =~ "Xilinx TUL 1234-tulA" && level==0} -index 1' command is executed.
18:14:34 INFO  : 'fpga -state' command is executed.
18:14:34 INFO  : Connected to target on host '127.0.0.1' and port '3121'.
18:14:34 INFO  : Jtag cable 'Xilinx TUL 1234-tulA' is selected.
18:14:34 INFO  : 'jtag frequency' command is executed.
18:14:34 INFO  : Sourcing of 'D:/NKUST/SoCLab/SoCLab/homework1/homework1.sdk/design_1_wrapper_hw_platform_0/ps7_init.tcl' is done.
18:14:34 INFO  : Context for 'APU' is selected.
18:14:34 INFO  : Hardware design information is loaded from 'D:/NKUST/SoCLab/SoCLab/homework1/homework1.sdk/design_1_wrapper_hw_platform_0/system.hdf'.
18:14:34 INFO  : 'configparams force-mem-access 1' command is executed.
18:14:34 INFO  : Context for 'APU' is selected.
18:14:34 INFO  : 'stop' command is executed.
18:14:34 INFO  : 'ps7_init' command is executed.
18:14:34 INFO  : 'ps7_post_config' command is executed.
18:14:34 INFO  : Context for processor 'ps7_cortexa9_0' is selected.
18:14:34 INFO  : Processor reset is completed for 'ps7_cortexa9_0'.
18:14:34 INFO  : Context for processor 'ps7_cortexa9_0' is selected.
18:14:34 INFO  : The application 'D:/NKUST/SoCLab/SoCLab/homework1/homework1.sdk/123/Debug/123.elf' is downloaded to processor 'ps7_cortexa9_0'.
18:14:34 INFO  : 'configparams force-mem-access 0' command is executed.
18:14:34 INFO  : ----------------XSDB Script----------------
connect -url tcp:127.0.0.1:3121
source D:/NKUST/SoCLab/SoCLab/homework1/homework1.sdk/design_1_wrapper_hw_platform_0/ps7_init.tcl
targets -set -nocase -filter {name =~"APU*" && jtag_cable_name =~ "Xilinx TUL 1234-tulA"} -index 0
loadhw -hw D:/NKUST/SoCLab/SoCLab/homework1/homework1.sdk/design_1_wrapper_hw_platform_0/system.hdf -mem-ranges [list {0x40000000 0xbfffffff}]
configparams force-mem-access 1
targets -set -nocase -filter {name =~"APU*" && jtag_cable_name =~ "Xilinx TUL 1234-tulA"} -index 0
stop
ps7_init
ps7_post_config
targets -set -nocase -filter {name =~ "ARM*#0" && jtag_cable_name =~ "Xilinx TUL 1234-tulA"} -index 0
rst -processor
targets -set -nocase -filter {name =~ "ARM*#0" && jtag_cable_name =~ "Xilinx TUL 1234-tulA"} -index 0
dow D:/NKUST/SoCLab/SoCLab/homework1/homework1.sdk/123/Debug/123.elf
configparams force-mem-access 0
----------------End of Script----------------

18:14:34 INFO  : Memory regions updated for context APU
18:14:34 INFO  : Context for processor 'ps7_cortexa9_0' is selected.
18:14:34 INFO  : 'con' command is executed.
18:14:34 INFO  : ----------------XSDB Script (After Launch)----------------
targets -set -nocase -filter {name =~ "ARM*#0" && jtag_cable_name =~ "Xilinx TUL 1234-tulA"} -index 0
con
----------------End of Script----------------

18:14:34 INFO  : Launch script is exported to file 'D:\NKUST\SoCLab\SoCLab\homework1\homework1.sdk\.sdk\launch_scripts\performance_analysis\performance_analysis_using_debug_123.elf_on_local.tcl'
18:14:35 INFO  : Apm configuration has been updated and stored to 'D:\NKUST\SoCLab\SoCLab\homework1\homework1.sdk\design_1_wrapper_hw_platform_0\apmconfigs\apm_default.json' for the project 'design_1_wrapper_hw_platform_0'
18:14:37 INFO  : Performance data for 'PS' will be exported to the file 'D:\NKUST\SoCLab\SoCLab\homework1\homework1.sdk\design_1_wrapper_hw_platform_0_Traces\Traces\Run_きる-21_18-14\PS_Trace_きる-21_18-14\trace'
18:14:37 INFO  : Created tracing project 'design_1_wrapper_hw_platform_0_Traces'
18:14:37 INFO  : Added tracing folder 'D:\NKUST\SoCLab\SoCLab\homework1\homework1.sdk\design_1_wrapper_hw_platform_0_Traces\Traces\Run_きる-21_18-14\PS_Trace_きる-21_18-14' into  'design_1_wrapper_hw_platform_0_Traces'
18:14:37 INFO  : Attempting to open tracing file 'PS_Trace_きる-21_18-14'
18:15:16 INFO  : Performance data for 'PS' has been exported to the file 'D:\NKUST\SoCLab\SoCLab\homework1\homework1.sdk\design_1_wrapper_hw_platform_0_Traces\Traces\Run_きる-21_18-14\PS_Trace_きる-21_18-14\trace'
18:15:16 INFO  : Disconnected from the channel tcfchan#1.
18:15:17 INFO  : 'targets -set -filter {jtag_cable_name =~ "Xilinx TUL 1234-tulA" && level==0} -index 1' command is executed.
18:15:17 INFO  : 'fpga -state' command is executed.
18:15:17 INFO  : Connected to target on host '127.0.0.1' and port '3121'.
18:15:17 INFO  : Jtag cable 'Xilinx TUL 1234-tulA' is selected.
18:15:17 INFO  : 'jtag frequency' command is executed.
18:15:17 INFO  : Sourcing of 'D:/NKUST/SoCLab/SoCLab/homework1/homework1.sdk/design_1_wrapper_hw_platform_0/ps7_init.tcl' is done.
18:15:17 INFO  : Context for 'APU' is selected.
18:15:18 INFO  : Hardware design information is loaded from 'D:/NKUST/SoCLab/SoCLab/homework1/homework1.sdk/design_1_wrapper_hw_platform_0/system.hdf'.
18:15:18 INFO  : 'configparams force-mem-access 1' command is executed.
18:15:18 INFO  : Context for 'APU' is selected.
18:15:18 INFO  : 'stop' command is executed.
18:15:18 INFO  : 'ps7_init' command is executed.
18:15:18 INFO  : 'ps7_post_config' command is executed.
18:15:18 INFO  : Context for processor 'ps7_cortexa9_0' is selected.
18:15:18 INFO  : Processor reset is completed for 'ps7_cortexa9_0'.
18:15:18 INFO  : Context for processor 'ps7_cortexa9_0' is selected.
18:15:18 INFO  : The application 'D:/NKUST/SoCLab/SoCLab/homework1/homework1.sdk/123/Debug/123.elf' is downloaded to processor 'ps7_cortexa9_0'.
18:15:18 INFO  : 'configparams force-mem-access 0' command is executed.
18:15:18 INFO  : ----------------XSDB Script----------------
connect -url tcp:127.0.0.1:3121
source D:/NKUST/SoCLab/SoCLab/homework1/homework1.sdk/design_1_wrapper_hw_platform_0/ps7_init.tcl
targets -set -nocase -filter {name =~"APU*" && jtag_cable_name =~ "Xilinx TUL 1234-tulA"} -index 0
loadhw -hw D:/NKUST/SoCLab/SoCLab/homework1/homework1.sdk/design_1_wrapper_hw_platform_0/system.hdf -mem-ranges [list {0x40000000 0xbfffffff}]
configparams force-mem-access 1
targets -set -nocase -filter {name =~"APU*" && jtag_cable_name =~ "Xilinx TUL 1234-tulA"} -index 0
stop
ps7_init
ps7_post_config
targets -set -nocase -filter {name =~ "ARM*#0" && jtag_cable_name =~ "Xilinx TUL 1234-tulA"} -index 0
rst -processor
targets -set -nocase -filter {name =~ "ARM*#0" && jtag_cable_name =~ "Xilinx TUL 1234-tulA"} -index 0
dow D:/NKUST/SoCLab/SoCLab/homework1/homework1.sdk/123/Debug/123.elf
configparams force-mem-access 0
----------------End of Script----------------

18:15:18 INFO  : Memory regions updated for context APU
18:15:18 INFO  : Context for processor 'ps7_cortexa9_0' is selected.
18:15:18 INFO  : 'con' command is executed.
18:15:18 INFO  : ----------------XSDB Script (After Launch)----------------
targets -set -nocase -filter {name =~ "ARM*#0" && jtag_cable_name =~ "Xilinx TUL 1234-tulA"} -index 0
con
----------------End of Script----------------

18:15:18 INFO  : Launch script is exported to file 'D:\NKUST\SoCLab\SoCLab\homework1\homework1.sdk\.sdk\launch_scripts\xilinx_c-c++_application_(system_debugger)\system_debugger_using_debug_123.elf_on_local.tcl'
18:16:12 INFO  : Disconnected from the channel tcfchan#2.
18:16:13 INFO  : 'targets -set -filter {jtag_cable_name =~ "Xilinx TUL 1234-tulA" && level==0} -index 1' command is executed.
18:16:13 INFO  : 'fpga -state' command is executed.
18:16:13 INFO  : Connected to target on host '127.0.0.1' and port '3121'.
18:16:13 INFO  : Jtag cable 'Xilinx TUL 1234-tulA' is selected.
18:16:13 INFO  : 'jtag frequency' command is executed.
18:16:13 INFO  : Sourcing of 'D:/NKUST/SoCLab/SoCLab/homework1/homework1.sdk/design_1_wrapper_hw_platform_0/ps7_init.tcl' is done.
18:16:13 INFO  : Context for 'APU' is selected.
18:16:13 INFO  : Hardware design information is loaded from 'D:/NKUST/SoCLab/SoCLab/homework1/homework1.sdk/design_1_wrapper_hw_platform_0/system.hdf'.
18:16:13 INFO  : 'configparams force-mem-access 1' command is executed.
18:16:13 INFO  : Context for 'APU' is selected.
18:16:13 INFO  : 'stop' command is executed.
18:16:13 INFO  : 'ps7_init' command is executed.
18:16:13 INFO  : 'ps7_post_config' command is executed.
18:16:13 INFO  : Context for processor 'ps7_cortexa9_0' is selected.
18:16:14 INFO  : Processor reset is completed for 'ps7_cortexa9_0'.
18:16:14 INFO  : Context for processor 'ps7_cortexa9_0' is selected.
18:16:14 INFO  : The application 'D:/NKUST/SoCLab/SoCLab/homework1/homework1.sdk/123/Debug/123.elf' is downloaded to processor 'ps7_cortexa9_0'.
18:16:14 INFO  : 'configparams force-mem-access 0' command is executed.
18:16:14 INFO  : ----------------XSDB Script----------------
connect -url tcp:127.0.0.1:3121
source D:/NKUST/SoCLab/SoCLab/homework1/homework1.sdk/design_1_wrapper_hw_platform_0/ps7_init.tcl
targets -set -nocase -filter {name =~"APU*" && jtag_cable_name =~ "Xilinx TUL 1234-tulA"} -index 0
loadhw -hw D:/NKUST/SoCLab/SoCLab/homework1/homework1.sdk/design_1_wrapper_hw_platform_0/system.hdf -mem-ranges [list {0x40000000 0xbfffffff}]
configparams force-mem-access 1
targets -set -nocase -filter {name =~"APU*" && jtag_cable_name =~ "Xilinx TUL 1234-tulA"} -index 0
stop
ps7_init
ps7_post_config
targets -set -nocase -filter {name =~ "ARM*#0" && jtag_cable_name =~ "Xilinx TUL 1234-tulA"} -index 0
rst -processor
targets -set -nocase -filter {name =~ "ARM*#0" && jtag_cable_name =~ "Xilinx TUL 1234-tulA"} -index 0
dow D:/NKUST/SoCLab/SoCLab/homework1/homework1.sdk/123/Debug/123.elf
configparams force-mem-access 0
----------------End of Script----------------

18:16:14 INFO  : Memory regions updated for context APU
18:16:14 INFO  : Context for processor 'ps7_cortexa9_0' is selected.
18:16:14 INFO  : 'con' command is executed.
18:16:14 INFO  : ----------------XSDB Script (After Launch)----------------
targets -set -nocase -filter {name =~ "ARM*#0" && jtag_cable_name =~ "Xilinx TUL 1234-tulA"} -index 0
con
----------------End of Script----------------

18:16:14 INFO  : Launch script is exported to file 'D:\NKUST\SoCLab\SoCLab\homework1\homework1.sdk\.sdk\launch_scripts\xilinx_c-c++_application_(system_debugger)\system_debugger_using_debug_123.elf_on_local.tcl'
18:17:10 INFO  : Disconnected from the channel tcfchan#3.
18:17:11 INFO  : 'targets -set -filter {jtag_cable_name =~ "Xilinx TUL 1234-tulA" && level==0} -index 1' command is executed.
18:17:11 INFO  : 'fpga -state' command is executed.
18:17:11 INFO  : Connected to target on host '127.0.0.1' and port '3121'.
18:17:11 INFO  : Jtag cable 'Xilinx TUL 1234-tulA' is selected.
18:17:11 INFO  : 'jtag frequency' command is executed.
18:17:11 INFO  : Sourcing of 'D:/NKUST/SoCLab/SoCLab/homework1/homework1.sdk/design_1_wrapper_hw_platform_0/ps7_init.tcl' is done.
18:17:11 INFO  : Context for 'APU' is selected.
18:17:11 INFO  : Hardware design information is loaded from 'D:/NKUST/SoCLab/SoCLab/homework1/homework1.sdk/design_1_wrapper_hw_platform_0/system.hdf'.
18:17:11 INFO  : 'configparams force-mem-access 1' command is executed.
18:17:11 INFO  : Context for 'APU' is selected.
18:17:11 INFO  : 'stop' command is executed.
18:17:11 INFO  : 'ps7_init' command is executed.
18:17:11 INFO  : 'ps7_post_config' command is executed.
18:17:11 INFO  : Context for processor 'ps7_cortexa9_0' is selected.
18:17:11 INFO  : Processor reset is completed for 'ps7_cortexa9_0'.
18:17:11 INFO  : Context for processor 'ps7_cortexa9_0' is selected.
18:17:11 INFO  : The application 'D:/NKUST/SoCLab/SoCLab/homework1/homework1.sdk/123/Debug/123.elf' is downloaded to processor 'ps7_cortexa9_0'.
18:17:11 INFO  : 'configparams force-mem-access 0' command is executed.
18:17:11 INFO  : ----------------XSDB Script----------------
connect -url tcp:127.0.0.1:3121
source D:/NKUST/SoCLab/SoCLab/homework1/homework1.sdk/design_1_wrapper_hw_platform_0/ps7_init.tcl
targets -set -nocase -filter {name =~"APU*" && jtag_cable_name =~ "Xilinx TUL 1234-tulA"} -index 0
loadhw -hw D:/NKUST/SoCLab/SoCLab/homework1/homework1.sdk/design_1_wrapper_hw_platform_0/system.hdf -mem-ranges [list {0x40000000 0xbfffffff}]
configparams force-mem-access 1
targets -set -nocase -filter {name =~"APU*" && jtag_cable_name =~ "Xilinx TUL 1234-tulA"} -index 0
stop
ps7_init
ps7_post_config
targets -set -nocase -filter {name =~ "ARM*#0" && jtag_cable_name =~ "Xilinx TUL 1234-tulA"} -index 0
rst -processor
targets -set -nocase -filter {name =~ "ARM*#0" && jtag_cable_name =~ "Xilinx TUL 1234-tulA"} -index 0
dow D:/NKUST/SoCLab/SoCLab/homework1/homework1.sdk/123/Debug/123.elf
configparams force-mem-access 0
----------------End of Script----------------

18:17:11 INFO  : Memory regions updated for context APU
18:17:11 INFO  : Context for processor 'ps7_cortexa9_0' is selected.
18:17:11 INFO  : 'con' command is executed.
18:17:11 INFO  : ----------------XSDB Script (After Launch)----------------
targets -set -nocase -filter {name =~ "ARM*#0" && jtag_cable_name =~ "Xilinx TUL 1234-tulA"} -index 0
con
----------------End of Script----------------

18:17:11 INFO  : Launch script is exported to file 'D:\NKUST\SoCLab\SoCLab\homework1\homework1.sdk\.sdk\launch_scripts\xilinx_c-c++_application_(system_debugger)\system_debugger_using_debug_123.elf_on_local.tcl'
18:17:33 INFO  : Disconnected from the channel tcfchan#4.
18:17:34 INFO  : 'targets -set -filter {jtag_cable_name =~ "Xilinx TUL 1234-tulA" && level==0} -index 1' command is executed.
18:17:34 INFO  : 'fpga -state' command is executed.
18:17:34 INFO  : Connected to target on host '127.0.0.1' and port '3121'.
18:17:34 INFO  : Jtag cable 'Xilinx TUL 1234-tulA' is selected.
18:17:34 INFO  : 'jtag frequency' command is executed.
18:17:34 INFO  : Sourcing of 'D:/NKUST/SoCLab/SoCLab/homework1/homework1.sdk/design_1_wrapper_hw_platform_0/ps7_init.tcl' is done.
18:17:34 INFO  : Context for 'APU' is selected.
18:17:34 INFO  : Hardware design information is loaded from 'D:/NKUST/SoCLab/SoCLab/homework1/homework1.sdk/design_1_wrapper_hw_platform_0/system.hdf'.
18:17:34 INFO  : 'configparams force-mem-access 1' command is executed.
18:17:34 INFO  : Context for 'APU' is selected.
18:17:34 INFO  : 'stop' command is executed.
18:17:34 INFO  : 'ps7_init' command is executed.
18:17:35 INFO  : 'ps7_post_config' command is executed.
18:17:35 INFO  : Context for processor 'ps7_cortexa9_0' is selected.
18:17:35 INFO  : Processor reset is completed for 'ps7_cortexa9_0'.
18:17:35 INFO  : Context for processor 'ps7_cortexa9_0' is selected.
18:17:35 INFO  : The application 'D:/NKUST/SoCLab/SoCLab/homework1/homework1.sdk/123/Debug/123.elf' is downloaded to processor 'ps7_cortexa9_0'.
18:17:35 INFO  : 'configparams force-mem-access 0' command is executed.
18:17:35 INFO  : ----------------XSDB Script----------------
connect -url tcp:127.0.0.1:3121
source D:/NKUST/SoCLab/SoCLab/homework1/homework1.sdk/design_1_wrapper_hw_platform_0/ps7_init.tcl
targets -set -nocase -filter {name =~"APU*" && jtag_cable_name =~ "Xilinx TUL 1234-tulA"} -index 0
loadhw -hw D:/NKUST/SoCLab/SoCLab/homework1/homework1.sdk/design_1_wrapper_hw_platform_0/system.hdf -mem-ranges [list {0x40000000 0xbfffffff}]
configparams force-mem-access 1
targets -set -nocase -filter {name =~"APU*" && jtag_cable_name =~ "Xilinx TUL 1234-tulA"} -index 0
stop
ps7_init
ps7_post_config
targets -set -nocase -filter {name =~ "ARM*#0" && jtag_cable_name =~ "Xilinx TUL 1234-tulA"} -index 0
rst -processor
targets -set -nocase -filter {name =~ "ARM*#0" && jtag_cable_name =~ "Xilinx TUL 1234-tulA"} -index 0
dow D:/NKUST/SoCLab/SoCLab/homework1/homework1.sdk/123/Debug/123.elf
configparams force-mem-access 0
----------------End of Script----------------

18:17:35 INFO  : Memory regions updated for context APU
18:17:35 INFO  : Context for processor 'ps7_cortexa9_0' is selected.
18:17:35 INFO  : 'con' command is executed.
18:17:35 INFO  : ----------------XSDB Script (After Launch)----------------
targets -set -nocase -filter {name =~ "ARM*#0" && jtag_cable_name =~ "Xilinx TUL 1234-tulA"} -index 0
con
----------------End of Script----------------

18:17:35 INFO  : Launch script is exported to file 'D:\NKUST\SoCLab\SoCLab\homework1\homework1.sdk\.sdk\launch_scripts\xilinx_c-c++_application_(system_debugger)\system_debugger_using_debug_123.elf_on_local.tcl'
18:25:10 INFO  : Disconnected from the channel tcfchan#5.
