#-----------------------------------------------------------
# Vivado v2018.3 (64-bit)
# SW Build 2405991 on Thu Dec  6 23:38:27 MST 2018
# IP Build 2404404 on Fri Dec  7 01:43:56 MST 2018
# Start of session at: Wed May 21 17:39:49 2025
# Process ID: 15884
# Current directory: D:/NKUST/SoCLab/SoCLab/ip_repo
# Command line: vivado.exe -gui_launcher_event rodinguilauncherevent3956 D:\NKUST\SoCLab\SoCLab\ip_repo\edit_myip_v1_0.xpr
# Log file: D:/NKUST/SoCLab/SoCLab/ip_repo/vivado.log
# Journal file: D:/NKUST/SoCLab/SoCLab/ip_repo\vivado.jou
#-----------------------------------------------------------
start_gui
open_project D:/NKUST/SoCLab/SoCLab/ip_repo/edit_myip_v1_0.xpr
CRITICAL WARNING: [Project 1-19] Could not find the file 'D:/NKUST/SoC/SoCLab/ip_repo/myip_1.0/src/hw.v'.
CRITICAL WARNING: [Project 1-19] Could not find the file 'D:/NKUST/SoC/SoCLab/ip_repo/myip_1.0/hdl/myip_v1_0_S00_AXI.v'.
WARNING: [filemgmt 56-99] Vivado Synthesis ignores library specification for Verilog or SystemVerilog files. [D:/NKUST/SoC/SoCLab/ip_repo/myip_1.0/hdl/myip_v1_0_S00_AXI.v:]
CRITICAL WARNING: [Project 1-19] Could not find the file 'D:/NKUST/SoC/SoCLab/ip_repo/myip_1.0/hdl/myip_v1_0.v'.
WARNING: [filemgmt 56-99] Vivado Synthesis ignores library specification for Verilog or SystemVerilog files. [D:/NKUST/SoC/SoCLab/ip_repo/myip_1.0/hdl/myip_v1_0.v:]
CRITICAL WARNING: [Project 1-19] Could not find the file 'D:/NKUST/SoC/SoCLab/ip_repo/myip_1.0/component.xml'.
Scanning sources...
Finished scanning sources
WARNING: [filemgmt 56-3] IP Repository Path: Could not find the directory 'D:/NKUST/SoC/SoCLab/ip_repo/myip_1.0'.
INFO: [IP_Flow 19-234] Refreshing IP repositories
WARNING: [IP_Flow 19-2248] Failed to load user IP repository 'd:/NKUST/SoC/SoCLab/ip_repo/myip_1.0'; Can't find the specified path.
If this directory should no longer be in your list of user repositories, go to the IP Settings dialog and remove it.
INFO: [IP_Flow 19-2313] Loaded Vivado IP repository 'D:/Vivado/Vivado/2018.3/data/ip'.
update_compile_order -fileset sources_1
exit
INFO: [Common 17-206] Exiting Vivado at Wed May 21 17:40:09 2025...
